#-----------------------------------------------------------
# Vivado v2015.2 (64-bit)
# SW Build 1266856 on Fri Jun 26 16:35:25 MDT 2015
# IP Build 1264090 on Wed Jun 24 14:22:01 MDT 2015
# Start of session at: Fri Jun 26 11:30:11 2020
# Process ID: 12796
# Log file: C:/Users/windows10/Desktop/vivadoWorks/Project_III/vivado.log
# Journal file: C:/Users/windows10/Desktop/vivadoWorks/Project_III\vivado.jou
#-----------------------------------------------------------
start_gui
open_project C:/Users/windows10/Desktop/vivadoWorks/Project_III/Project_III.xpr
launch_simulation
open_wave_config C:/Users/windows10/Desktop/vivadoWorks/Project_III/sim_for_top_behav.wcfg
source sim_for_instruction_rom.tcl
remove_files -fileset sim_1 C:/Users/windows10/Desktop/vivadoWorks/Project_III/Project_III.srcs/sim_1/new/testbench.v
file delete -force C:/Users/windows10/Desktop/vivadoWorks/Project_III/Project_III.srcs/sim_1/new/testbench.v
close_sim
launch_simulation
open_wave_config C:/Users/windows10/Desktop/vivadoWorks/Project_III/sim_for_top_behav.wcfg
source sim_for_instruction_rom.tcl
close_sim
